{
  "id" : "guid_1",
  "created" : "localdate(time)_1",
  "unitId" : "guid_2",
  "recipientId" : "guid_3",
  "status" : "DRAFT",
  "direction" : "OUTGOING",
  "subject" : "Lorem ipsum",
  "notes" : null,
  "dueDate" : "localdate(time)_2"
}