------=_Part_0_401675985.1710185434349
Content-Type: multipart/related;
	boundary="----=_Part_1_2084987940.1710185434350"

------=_Part_1_2084987940.1710185434350
Content-Type: text/html;charset=UTF-8
Content-Transfer-Encoding: 7bit

<!DOCTYPE html>
<html lang="en">
<head>
    <title>OpenZEV - Invoice</title>

    <style type="text/css">
        @media only screen and (min-width: 480px) {
            .mj-column-per-100 {
                width: 100% !important;
                max-width: 100%;
            }
        }
    </style>
    <style media="screen and (min-width:480px)">
        .moz-text-html .mj-column-per-100 {
            width: 100% !important;
            max-width: 100%;
        }
    </style>
</head>
<body style="word-spacing:normal;">
<p style="font-family:sans-serif;text-align:left;">
    Guten Tag
    <span>Anna</span>
    <span>Barry</span>
</p>

<p style="font-family:sans-serif;text-align:left;">
    Im Anhang erhalten Sie die Rechnung f&uuml;r <span>Lorem ipsum</span>.
</p>

<p style="font-family:sans-serif;text-align:left;">
    Sollten Sie fragen zur Rechnung haben, stehe ich ihnen gerne zur Verf&uuml;gung.</p>
<p style="font-family:sans-serif;text-align:left;">Freundliche Gr&uuml;sse</p>


<div style="font-family:sans-serif;text-align:left;">
    <span>Anna</span>
    <span>Barry</span>
</div>
<div style="font-family:sans-serif;text-align:left;">
    <span>Stradun</span> <span>30</span>
</div>
<div style="font-family:sans-serif;text-align:left;">
    <span>1624</span> <span>Grattavache</span>
</div>
<div style="font-family:sans-serif;text-align:left;">
    <span>anna@barry.com</span>
</div>
<div style="font-family:sans-serif;text-align:left;">
    <span>+41 41 555 66 77</span>
</div>
<div style="font-family:sans-serif;text-align:left;">
    <span>+41 79 555 66 77</span>
</div>

</body>
</html>
------=_Part_1_2084987940.1710185434350--

------=_Part_0_401675985.1710185434349
Content-Type: application/pdf; name="2024-03-11 - Rechnung.pdf"
Content-Transfer-Encoding: base64
Content-Disposition: attachment; filename="2024-03-11 - Rechnung.pdf"

JVBERi0xLjUKJeLjz9MKNCAwIG9iago8PC9GaWx0ZXIvRmxhdGVEZWNvZGUvTGVuZ3RoIDk4Nz4+
c3RyZWFtCniczVfNbuM2EL7zKXhsUYQr/pM9Ndlsui3QxWbXaIEWPdCyHCu1pK4tb5G36cP1QUrK
lkSKLUOgORSBYY8z38w3w+F88idwswIFVAwjpeBqA96swD34BApUUMnhH4DA7+3/HwEu4A/gl18L
uJndG8A1R0SN9n60BzRzXxTB58lvB34CbUYgghQekNOHKIT7OzwAohDlUCqKNHPxhECajPZ+sLEc
bKytTTTCs7UD2xlBEHMRxoCDuQQsw7kAAaAJCS3xifTLAi75lxn/iUGBtCika//0znRB5vYI6630
RE5wiaQDY0GQVrF9dp+CF1gLG1Rphol7l4xjFzyER9FHUyHO/GQX+xnmIZcm4kq0RCIyM5kH4Dj2
kuronsc8oNIsiVItkMSxnck8hEfRF0wn7zzmIZcm4soEdbczsjO5h/A4/JLt5J/HPmTTRGwvVyuy
M9mH8Dj8ku3knzk1/uWZ7hLFYSuW9pg8s/NneBR9NAkifiWjndn3ZWPG6GMjlnYm9xAeh1+ynfw9
9oO0zarjq1MkXUtJWgiO1c1XdxhquNoCPHyJ4bl/XHHEBVw14IvXXdubsod1u+0Ojenrrv1y9ehE
doCTEM40ohpyafPiAQ4Tzpdcs/N125qEP8coiH1jDoenlL92t4ELhpTIJTM7f+wPZnNKFWtXK/MR
tEh1xsZXkHOGeHZnZme7xlmq0mKodPb/9mD63nw25a56Pg1jCJ8rMPYAvlm7tqKya55HUuoeahzy
K2ZLtES4vXwCSvk8llDExISVOgt7ni9JBRK5XfScc+bLc8+bL0kEIrnz5TlnzpeHyJgviTnS2Z2Z
nbPmy/OP5+sFnoRfYrW93OP4ZTviwu3muHeauZa4Xvz85kf4oet3Vbs+HR7g3f6v8rdq120hIclJ
lkgF03lr+urr1KlxgodjmCEY24YgUiQPj6kC0WCQbk8V3ORm8+bPZsN+tgI5eTu//kVPrHTZQRZy
HJyPp/VjVfZ+3gUCW9GT1Me86/rqmEBQLtwvDA9xfzJtX/dPCRCjEtlJ8kDvD3VZJRDc/eQRPuK6
6U5tqpZz9XbAJBsAq643+2QKhuwKdIjLXn399u5PO/XFdMtS2q3tcwLzxfu9eWqqNle8R/yssN/d
XL9LDgnFyk2HB6lKrLGg7GrNFLliW2yuDC/VVVUpwo3Yyi3jGRxmVb2ty/7UHLv9vi7r/rSpc0qY
lfCtWde9OR4rs6l/r49l3T6k6pEE0VyVtqvIHZMv00wkm0WGZs16m9zRl1JmbyFxSgEoZkhKH3Bb
P7T18Vg3x2oU8//Fjv3vJFyEe/A3hrHD2QplbmRzdHJlYW0KZW5kb2JqCjEgMCBvYmoKPDwvQ29u
dGVudHMgNCAwIFIvVHlwZS9QYWdlL1Jlc291cmNlczw8L0ZvbnQ8PC9GMSAyIDAgUi9GMiAzIDAg
Uj4+Pj4vUGFyZW50IDUgMCBSL01lZGlhQm94WzAgMCA1OTUuMjggODQxLjg4XT4+CmVuZG9iago3
IDAgb2JqCjw8L0Rlc3RbMSAwIFIvWFlaIDAgODA0Ljc5IDBdL1RpdGxlKFpFViBSb3RoZW5idXJn
IEZs5GNrZWhvZiAyMikvUGFyZW50IDYgMCBSPj4KZW5kb2JqCjYgMCBvYmoKPDwvVHlwZS9PdXRs
aW5lcy9Db3VudCAxL0ZpcnN0IDcgMCBSL0xhc3QgNyAwIFI+PgplbmRvYmoKMiAwIG9iago8PC9T
dWJ0eXBlL1R5cGUxL1R5cGUvRm9udC9CYXNlRm9udC9IZWx2ZXRpY2EtQm9sZC9FbmNvZGluZy9X
aW5BbnNpRW5jb2Rpbmc+PgplbmRvYmoKMyAwIG9iago8PC9TdWJ0eXBlL1R5cGUxL1R5cGUvRm9u
dC9CYXNlRm9udC9IZWx2ZXRpY2EvRW5jb2RpbmcvV2luQW5zaUVuY29kaW5nPj4KZW5kb2JqCjUg
MCBvYmoKPDwvS2lkc1sxIDAgUl0vVHlwZS9QYWdlcy9Db3VudCAxPj4KZW5kb2JqCjggMCBvYmoK
PDwvUGFnZU1vZGUvVXNlT3V0bGluZXMvVHlwZS9DYXRhbG9nL091dGxpbmVzIDYgMCBSL1BhZ2Vz
IDUgMCBSPj4KZW5kb2JqCjkgMCBvYmoKPDwvQ3JlYXRpb25EYXRlKEQ6MjAyNDAzMTEyMDMwMzQr
MDEnMDAnKS9Qcm9kdWNlcihPcGVuUERGIDEuMy4zOCkvVGl0bGUoT3BlblpFViAtIEludm9pY2Up
Pj4KZW5kb2JqCnhyZWYKMCAxMAowMDAwMDAwMDAwIDY1NTM1IGYgCjAwMDAwMDEwNjkgMDAwMDAg
biAKMDAwMDAwMTM1NiAwMDAwMCBuIAowMDAwMDAxNDQ5IDAwMDAwIG4gCjAwMDAwMDAwMTUgMDAw
MDAgbiAKMDAwMDAwMTUzNyAwMDAwMCBuIAowMDAwMDAxMjkxIDAwMDAwIG4gCjAwMDAwMDExOTYg
MDAwMDAgbiAKMDAwMDAwMTU4OCAwMDAwMCBuIAowMDAwMDAxNjY5IDAwMDAwIG4gCnRyYWlsZXIK
PDwvSW5mbyA5IDAgUi9JRCBbPGVmYTdkZjNhMzI3ODczMzk0N2YwNjJkZGNiNjc4N2UwPjxlZmE3
ZGYzYTMyNzg3MzM5NDdmMDYyZGRjYjY3ODdlMD5dL1Jvb3QgOCAwIFIvU2l6ZSAxMD4+CnN0YXJ0
eHJlZgoxNzc3CiUlRU9GCg==
------=_Part_0_401675985.1710185434349--