{
  "id" : "guid_1",
  "active" : true,
  "subject" : "Lorem ipsum",
  "notes" : "dolor",
  "price" : 2.00
}