{
  "id" : "guid_1",
  "active" : true,
  "contractId" : "guid_2",
  "firstName" : "Anna",
  "lastName" : "Barry",
  "email" : "anna@barry.com",
  "street" : "Stradun",
  "houseNr" : "30",
  "postalCode" : "1624",
  "city" : "Grattavache",
  "phoneNr" : "+41 41 555 66 77",
  "mobileNr" : "+41 79 555 66 77",
  "balance" : {
    "invoicedAmount" : 1.00,
    "amountPaid" : 2.00,
    "balance" : 1.00
  }
}