{
  "id" : "guid_1",
  "invoiceId" : "guid_2",
  "productId" : "guid_3",
  "notes" : null,
  "quantity" : 1.0,
  "price" : 2.00,
  "amount" : 2.00
}