[ {
  "id" : "guid_1",
  "active" : true,
  "subject" : "Sedsociosqu",
  "notes" : null,
  "cost" : 2.00
} ]