{
  "id" : "guid_1",
  "active" : true,
  "subject" : "Lorem ipsum",
  "notes" : null,
  "cost" : 2.00
}