{
  "id" : "guid_1",
  "active" : true,
  "subject" : "Sedsociosqu",
  "notes" : null,
  "price" : 2.00
}