"{\"creditor\":{\"account\":\"ec191634-b482-4f1a-a5c8-ee825a6f7f45\",\"name\":\"ZEV Stradun 30 Grattavache\",\"street\":\"Stradun\",\"houseNo\":\"30\",\"countryCode\":\"CH\",\"postalCode\":\"1624\",\"town\":\"Grattavache\"},\"debitor\":{\"name\":\"Anna Barry\",\"street\":\"Stradun\",\"houseNo\":\"30\",\"countryCode\":\"CH\",\"postalCode\":\"1624\",\"town\":\"Grattavache\"},\"format\":{\"language\":\"DE\",\"outputSize\":\"A4_PORTRAIT_SHEET\",\"separatorType\":\"NONE\",\"graphicsFormat\":\"PDF\"},\"payment\":{\"currency\":\"CHF\",\"amount\":123.35,\"reference\":null,\"unstructuredMessage\":\"649b2096-4976-4a09-b88d-7dd8c5d0315a\",\"referenceInput\":null}}"